{
  "create_time": "1970-01-01T00:00:10Z",
  "insight_list": {
    "insights": [
      {
        "migration_insight": {
          "fit": {
            "fit_level": "FIT"
          }
        }
      }
    ]
  },
  "labels": [
    {
      "key": "key",
      "value": "value"
    },
    {
      "key": "key2",
      "value": "value2"
    }
  ],
  "machine_details": {
    "core_count": 0,
    "machine_name": "foo",
    "memory_mb": 10,
    "power_state": "POWER_STATE_UNSPECIFIED",
    "uuid": ""
  },
  "name": "foo"
}
