{
  "bool_scalar": false,
  "dynamic_map": [
    {
      "key": "fizz",
      "value": "buzz"
    },
    {
      "key": "foo",
      "value": "bar"
    }
  ],
  "float32_scalar": 0.32,
  "float64_scalar": 0.64,
  "int_array": [
    1,
    2,
    3
  ],
  "int_scalar": 3,
  "record": {
    "field_a": "test",
    "field_b": 10
  },
  "record_array": [
    {
      "field_a": "1",
      "field_b": 1
    },
    {
      "field_a": "2",
      "field_b": 2
    }
  ],
  "record_map": [
    {
      "key": "key",
      "value": {
        "field_a": "value",
        "field_b": 0
      }
    }
  ],
  "record_ptr": {
    "field_a": "test",
    "field_b": 10
  },
  "string_scalar": "foo",
  "timestamp": "1970-01-01T00:22:17Z",
  "timestamp_ptr": "1970-01-01T00:22:17Z"
}
